access2.cims.nyu.edu
make[1]: Entering directory '/home/dpm8739/CSCI-GA.2250-001-Operating-Systems-Summer-2025'
rm -f linker
make[1]: Leaving directory '/home/dpm8739/CSCI-GA.2250-001-Operating-Systems-Summer-2025'
make[1]: Entering directory '/home/dpm8739/CSCI-GA.2250-001-Operating-Systems-Summer-2025'
g++ -Wall -Wextra -O2 -o linker linker.cpp
make[1]: Leaving directory '/home/dpm8739/CSCI-GA.2250-001-Operating-Systems-Summer-2025'
